Category: 📺央视频道, Name: CCTV-1, Total: 1, Valid: 0, Valid Percent: 0.00%, Whitelist: 0, IPv4: 1, IPv6: 0, Min Delay: -1 ms, Max Speed: 0.00 M/s, Avg Speed: 0.00 M/s, Max Resolution: 1280x720
Category: 📺央视频道, Name: CCTV-2, Total: 6, Valid: 6, Valid Percent: 100.00%, Whitelist: 0, IPv4: 6, IPv6: 0, Min Delay: 502 ms, Max Speed: 1.98 M/s, Avg Speed: 1.69 M/s, Max Resolution: 1920x1080
Category: 📺央视频道, Name: CCTV-3, Total: 3, Valid: 3, Valid Percent: 100.00%, Whitelist: 0, IPv4: 3, IPv6: 0, Min Delay: 459 ms, Max Speed: 1.98 M/s, Avg Speed: 1.55 M/s, Max Resolution: 1920x1080
Category: 📺央视频道, Name: CCTV-4, Total: 9, Valid: 9, Valid Percent: 100.00%, Whitelist: 0, IPv4: 9, IPv6: 0, Min Delay: 459 ms, Max Speed: 5.83 M/s, Avg Speed: 3.33 M/s, Max Resolution: 1920x1080
Category: 📺央视频道, Name: CCTV-5, Total: 13, Valid: 13, Valid Percent: 100.00%, Whitelist: 0, IPv4: 13, IPv6: 0, Min Delay: 452 ms, Max Speed: 5.83 M/s, Avg Speed: 2.13 M/s, Max Resolution: 1920x1080
Category: 📺央视频道, Name: CCTV-5+, Total: 7, Valid: 7, Valid Percent: 100.00%, Whitelist: 0, IPv4: 7, IPv6: 0, Min Delay: 459 ms, Max Speed: 5.83 M/s, Avg Speed: 2.81 M/s, Max Resolution: 1920x1080
Category: 📺央视频道, Name: CCTV-6, Total: 10, Valid: 10, Valid Percent: 100.00%, Whitelist: 0, IPv4: 10, IPv6: 0, Min Delay: 459 ms, Max Speed: 5.83 M/s, Avg Speed: 3.13 M/s, Max Resolution: 1920x1080
Category: 📺央视频道, Name: CCTV-7, Total: 11, Valid: 11, Valid Percent: 100.00%, Whitelist: 0, IPv4: 11, IPv6: 0, Min Delay: 459 ms, Max Speed: 5.83 M/s, Avg Speed: 2.52 M/s, Max Resolution: 1920x1080
Category: 📺央视频道, Name: CCTV-8, Total: 12, Valid: 12, Valid Percent: 100.00%, Whitelist: 0, IPv4: 12, IPv6: 0, Min Delay: 56 ms, Max Speed: 92.48 M/s, Avg Speed: 17.66 M/s, Max Resolution: 1920x1080
Category: 📺央视频道, Name: CCTV-9, Total: 15, Valid: 15, Valid Percent: 100.00%, Whitelist: 0, IPv4: 15, IPv6: 0, Min Delay: 56 ms, Max Speed: 92.48 M/s, Avg Speed: 8.33 M/s, Max Resolution: 1920x1080
Category: 📺央视频道, Name: CCTV-10, Total: 15, Valid: 15, Valid Percent: 100.00%, Whitelist: 0, IPv4: 15, IPv6: 0, Min Delay: 56 ms, Max Speed: 92.48 M/s, Avg Speed: 8.19 M/s, Max Resolution: 1920x1080
Category: 📺央视频道, Name: CCTV-11, Total: 12, Valid: 12, Valid Percent: 100.00%, Whitelist: 0, IPv4: 12, IPv6: 0, Min Delay: 56 ms, Max Speed: 92.48 M/s, Avg Speed: 10.17 M/s, Max Resolution: 1920x1080
Category: 📺央视频道, Name: CCTV-12, Total: 12, Valid: 12, Valid Percent: 100.00%, Whitelist: 0, IPv4: 12, IPv6: 0, Min Delay: 56 ms, Max Speed: 92.48 M/s, Avg Speed: 10.17 M/s, Max Resolution: 1920x1080
Category: 📺央视频道, Name: CCTV-13, Total: 12, Valid: 12, Valid Percent: 100.00%, Whitelist: 0, IPv4: 10, IPv6: 2, Min Delay: 56 ms, Max Speed: 92.48 M/s, Avg Speed: 9.67 M/s, Max Resolution: 1920x1080
Category: 📺央视频道, Name: CCTV-14, Total: 14, Valid: 14, Valid Percent: 100.00%, Whitelist: 0, IPv4: 12, IPv6: 2, Min Delay: 56 ms, Max Speed: 92.48 M/s, Avg Speed: 8.86 M/s, Max Resolution: 1920x1080
Category: 📺央视频道, Name: CCTV-15, Total: 12, Valid: 12, Valid Percent: 100.00%, Whitelist: 0, IPv4: 12, IPv6: 0, Min Delay: 56 ms, Max Speed: 92.48 M/s, Avg Speed: 10.17 M/s, Max Resolution: 1920x1080
Category: 📺央视频道, Name: CCTV-16, Total: 13, Valid: 13, Valid Percent: 100.00%, Whitelist: 0, IPv4: 13, IPv6: 0, Min Delay: 56 ms, Max Speed: 92.48 M/s, Avg Speed: 9.53 M/s, Max Resolution: 1920x1080
Category: 📺央视频道, Name: CCTV-17, Total: 12, Valid: 12, Valid Percent: 100.00%, Whitelist: 0, IPv4: 12, IPv6: 0, Min Delay: 56 ms, Max Speed: 92.48 M/s, Avg Speed: 10.17 M/s, Max Resolution: 1920x1080
Category: 📡卫视频道, Name: 广东卫视, Total: 8, Valid: 8, Valid Percent: 100.00%, Whitelist: 0, IPv4: 8, IPv6: 0, Min Delay: 56 ms, Max Speed: 92.48 M/s, Avg Speed: 14.05 M/s, Max Resolution: 1920x1080
Category: 📡卫视频道, Name: 浙江卫视, Total: 14, Valid: 14, Valid Percent: 100.00%, Whitelist: 0, IPv4: 12, IPv6: 2, Min Delay: 56 ms, Max Speed: 92.48 M/s, Avg Speed: 8.21 M/s, Max Resolution: 1920x1080
Category: 📡卫视频道, Name: 湖南卫视, Total: 15, Valid: 15, Valid Percent: 100.00%, Whitelist: 0, IPv4: 15, IPv6: 0, Min Delay: 56 ms, Max Speed: 92.48 M/s, Avg Speed: 8.45 M/s, Max Resolution: 3840x2160
Category: 📡卫视频道, Name: 北京卫视, Total: 10, Valid: 10, Valid Percent: 100.00%, Whitelist: 0, IPv4: 10, IPv6: 0, Min Delay: 56 ms, Max Speed: 92.48 M/s, Avg Speed: 11.40 M/s, Max Resolution: 1920x1080
Category: 📡卫视频道, Name: 湖北卫视, Total: 9, Valid: 9, Valid Percent: 100.00%, Whitelist: 0, IPv4: 9, IPv6: 0, Min Delay: 56 ms, Max Speed: 92.48 M/s, Avg Speed: 12.56 M/s, Max Resolution: 1920x1080
Category: 📡卫视频道, Name: 黑龙江卫视, Total: 9, Valid: 9, Valid Percent: 100.00%, Whitelist: 0, IPv4: 9, IPv6: 0, Min Delay: 56 ms, Max Speed: 92.48 M/s, Avg Speed: 12.56 M/s, Max Resolution: 1920x1080
Category: 📡卫视频道, Name: 安徽卫视, Total: 10, Valid: 10, Valid Percent: 100.00%, Whitelist: 0, IPv4: 10, IPv6: 0, Min Delay: 56 ms, Max Speed: 92.48 M/s, Avg Speed: 11.85 M/s, Max Resolution: 1920x1080
Category: 📡卫视频道, Name: 重庆卫视, Total: 9, Valid: 9, Valid Percent: 100.00%, Whitelist: 0, IPv4: 9, IPv6: 0, Min Delay: 56 ms, Max Speed: 92.48 M/s, Avg Speed: 12.56 M/s, Max Resolution: 1920x1080
Category: 📡卫视频道, Name: 东方卫视, Total: 11, Valid: 11, Valid Percent: 100.00%, Whitelist: 0, IPv4: 11, IPv6: 0, Min Delay: 56 ms, Max Speed: 92.48 M/s, Avg Speed: 11.40 M/s, Max Resolution: 1920x1080
Category: 📡卫视频道, Name: 东南卫视, Total: 7, Valid: 7, Valid Percent: 100.00%, Whitelist: 0, IPv4: 7, IPv6: 0, Min Delay: 56 ms, Max Speed: 92.48 M/s, Avg Speed: 15.29 M/s, Max Resolution: 1920x1080
Category: 📡卫视频道, Name: 甘肃卫视, Total: 5, Valid: 5, Valid Percent: 100.00%, Whitelist: 0, IPv4: 5, IPv6: 0, Min Delay: 56 ms, Max Speed: 92.48 M/s, Avg Speed: 20.75 M/s, Max Resolution: 1920x1080
Category: 📡卫视频道, Name: 广西卫视, Total: 7, Valid: 6, Valid Percent: 85.71%, Whitelist: 0, IPv4: 7, IPv6: 0, Min Delay: 56 ms, Max Speed: 92.48 M/s, Avg Speed: 17.69 M/s, Max Resolution: 1920x1080
Category: 📡卫视频道, Name: 贵州卫视, Total: 8, Valid: 8, Valid Percent: 100.00%, Whitelist: 0, IPv4: 8, IPv6: 0, Min Delay: 56 ms, Max Speed: 92.48 M/s, Avg Speed: 14.03 M/s, Max Resolution: 1920x1080
Category: 📡卫视频道, Name: 海南卫视, Total: 5, Valid: 5, Valid Percent: 100.00%, Whitelist: 0, IPv4: 5, IPv6: 0, Min Delay: 56 ms, Max Speed: 92.48 M/s, Avg Speed: 19.63 M/s, Max Resolution: 1920x1080
Category: 📡卫视频道, Name: 河北卫视, Total: 14, Valid: 12, Valid Percent: 85.71%, Whitelist: 0, IPv4: 14, IPv6: 0, Min Delay: 56 ms, Max Speed: 92.48 M/s, Avg Speed: 9.86 M/s, Max Resolution: 1920x1080
Category: 📡卫视频道, Name: 河南卫视, Total: 11, Valid: 10, Valid Percent: 90.91%, Whitelist: 0, IPv4: 11, IPv6: 0, Min Delay: 56 ms, Max Speed: 92.48 M/s, Avg Speed: 11.85 M/s, Max Resolution: 1920x1080
Category: 📡卫视频道, Name: 吉林卫视, Total: 8, Valid: 8, Valid Percent: 100.00%, Whitelist: 0, IPv4: 8, IPv6: 0, Min Delay: 56 ms, Max Speed: 92.48 M/s, Avg Speed: 14.03 M/s, Max Resolution: 1920x1080
Category: 📡卫视频道, Name: 江苏卫视, Total: 11, Valid: 11, Valid Percent: 100.00%, Whitelist: 0, IPv4: 11, IPv6: 0, Min Delay: 56 ms, Max Speed: 92.48 M/s, Avg Speed: 10.85 M/s, Max Resolution: 1920x1080
Category: 📡卫视频道, Name: 江西卫视, Total: 9, Valid: 9, Valid Percent: 100.00%, Whitelist: 0, IPv4: 9, IPv6: 0, Min Delay: 56 ms, Max Speed: 92.48 M/s, Avg Speed: 12.56 M/s, Max Resolution: 1920x1080
Category: 📡卫视频道, Name: 辽宁卫视, Total: 9, Valid: 8, Valid Percent: 88.89%, Whitelist: 0, IPv4: 9, IPv6: 0, Min Delay: 56 ms, Max Speed: 92.48 M/s, Avg Speed: 14.03 M/s, Max Resolution: 1920x1080
Category: 📡卫视频道, Name: 内蒙古卫视, Total: 10, Valid: 10, Valid Percent: 100.00%, Whitelist: 0, IPv4: 10, IPv6: 0, Min Delay: 56 ms, Max Speed: 92.48 M/s, Avg Speed: 11.48 M/s, Max Resolution: 1920x1080
Category: 📡卫视频道, Name: 宁夏卫视, Total: 7, Valid: 7, Valid Percent: 100.00%, Whitelist: 0, IPv4: 7, IPv6: 0, Min Delay: 56 ms, Max Speed: 92.48 M/s, Avg Speed: 15.91 M/s, Max Resolution: 1920x1080
Category: 📡卫视频道, Name: 青海卫视, Total: 11, Valid: 11, Valid Percent: 100.00%, Whitelist: 0, IPv4: 9, IPv6: 2, Min Delay: 56 ms, Max Speed: 92.48 M/s, Avg Speed: 10.58 M/s, Max Resolution: 1920x1080
Category: 📡卫视频道, Name: 山东卫视, Total: 10, Valid: 10, Valid Percent: 100.00%, Whitelist: 0, IPv4: 10, IPv6: 0, Min Delay: 56 ms, Max Speed: 92.48 M/s, Avg Speed: 11.74 M/s, Max Resolution: 1920x1080
Category: 📡卫视频道, Name: 山西卫视, Total: 8, Valid: 8, Valid Percent: 100.00%, Whitelist: 0, IPv4: 8, IPv6: 0, Min Delay: 56 ms, Max Speed: 92.48 M/s, Avg Speed: 14.02 M/s, Max Resolution: 1920x1080
Category: 📡卫视频道, Name: 陕西卫视, Total: 9, Valid: 9, Valid Percent: 100.00%, Whitelist: 0, IPv4: 9, IPv6: 0, Min Delay: 56 ms, Max Speed: 92.48 M/s, Avg Speed: 12.56 M/s, Max Resolution: 1920x1080
Category: 📡卫视频道, Name: 四川卫视, Total: 9, Valid: 9, Valid Percent: 100.00%, Whitelist: 0, IPv4: 9, IPv6: 0, Min Delay: 56 ms, Max Speed: 92.48 M/s, Avg Speed: 12.56 M/s, Max Resolution: 1920x1080
Category: 📡卫视频道, Name: 深圳卫视, Total: 11, Valid: 10, Valid Percent: 90.91%, Whitelist: 0, IPv4: 11, IPv6: 0, Min Delay: 56 ms, Max Speed: 92.48 M/s, Avg Speed: 11.85 M/s, Max Resolution: 1920x1080
Category: 📡卫视频道, Name: 三沙卫视, Total: 6, Valid: 6, Valid Percent: 100.00%, Whitelist: 0, IPv4: 6, IPv6: 0, Min Delay: 56 ms, Max Speed: 92.48 M/s, Avg Speed: 17.61 M/s, Max Resolution: 1920x1080
Category: 📡卫视频道, Name: 天津卫视, Total: 11, Valid: 10, Valid Percent: 90.91%, Whitelist: 0, IPv4: 11, IPv6: 0, Min Delay: 56 ms, Max Speed: 92.48 M/s, Avg Speed: 11.35 M/s, Max Resolution: 1920x1080
Category: 📡卫视频道, Name: 西藏卫视, Total: 7, Valid: 7, Valid Percent: 100.00%, Whitelist: 0, IPv4: 7, IPv6: 0, Min Delay: 56 ms, Max Speed: 92.48 M/s, Avg Speed: 15.01 M/s, Max Resolution: 1920x1080
Category: 📡卫视频道, Name: 新疆卫视, Total: 9, Valid: 9, Valid Percent: 100.00%, Whitelist: 0, IPv4: 9, IPv6: 0, Min Delay: 56 ms, Max Speed: 92.48 M/s, Avg Speed: 12.56 M/s, Max Resolution: 1920x1080
Category: 📡卫视频道, Name: 云南卫视, Total: 9, Valid: 9, Valid Percent: 100.00%, Whitelist: 0, IPv4: 9, IPv6: 0, Min Delay: 56 ms, Max Speed: 92.48 M/s, Avg Speed: 12.51 M/s, Max Resolution: 1920x1080
